iverilog -o sim_build/sim.vvp -s inference -s dump -g2012 src/counter.sv src/cnn.sv src/maxpool.sv src/division.sv src/simple_divide.sv src/flatten.sv src/neuron.sv src/inference.sv src/fixedpoint.sv src/dump/dump_inference.sv
src/inference.sv:909: warning: A for statement must use the index (j) in the condition expression to be synthesized in an always_comb process.
src/neuron.sv:217: warning: System task ($display) cannot be synthesized in an always_ff process.
src/inference.sv:910: vvp.tgt sorry: Case unique/unique0 qualities are ignored.
src/inference.sv:1024: vvp.tgt sorry: Case unique/unique0 qualities are ignored.
PYTHONOPTIMIZE= MODULE=test_inference vvp -M /Users/luthiraa/Documents/TALOS/venv/lib/python3.9/site-packages/cocotb/libs -m libcocotbvpi_icarus sim_build/sim.vvp
     -.--ns INFO     gpi                                ..mbed/gpi_embed.cpp:94   in _embed_init_python              Using Python 3.9.13 interpreter at /Users/luthiraa/Documents/TALOS/venv/bin/python3
     -.--ns INFO     gpi                                ../gpi/GpiCommon.cpp:79   in gpi_print_registered_impl       VPI registered
     0.00ns INFO     cocotb                             Running on Icarus Verilog version 12.0 (stable)
     0.00ns INFO     cocotb                             Seeding Python random module with 1764708105
     0.00ns INFO     cocotb                             Initialized cocotb v2.0.1 from /Users/luthiraa/Documents/TALOS/venv/lib/python3.9/site-packages/cocotb
     0.00ns INFO     cocotb.regression                  pytest not found, install it to enable better AssertionError messages
     0.00ns INFO     cocotb                             Running tests
     0.00ns INFO     cocotb.regression                  running test_inference.test_inference_full_pipeline (1/1)
                                                            Full inference pipeline test - tests CNN + maxpool + neural network
============================================================
FULL INFERENCE PIPELINE TEST STARTING
Image size: 28x28
Number of kernels: 4
Kernel size: 3x3
Maxpool kernel: 2x2
Conv output size: 26x26
Maxpool output size: 13x13
Flattened size: 676
Number of neurons (current module): 1
NOTE: Current inference module is simplified with 1 neuron and hardcoded weights
============================================================
     0.00ns WARNING  py.warnings                        /Users/luthiraa/Documents/TALOS/test/test_inference.py:762: DeprecationWarning: The 'units' argument has been renamed to 'unit'.
                                                          cocotb.start_soon(Clock(dut.clk, 1, units="ns").start())
Resetting DUT...
DEBUG: After reset, rst_n = 1
Loaded MNIST test sample idx=0, label=7
INPUT IMAGE (normalized, first 5x5 corner, float):
[[-0.4242 -0.4242 -0.4242 -0.4242 -0.4242]
 [-0.4242 -0.4242 -0.4242 -0.4242 -0.4242]
 [-0.4242 -0.4242 -0.4242 -0.4242 -0.4242]
 [-0.4242 -0.4242 -0.4242 -0.4242 -0.4242]
 [-0.4242 -0.4242 -0.4242 -0.4242 -0.4242]]
INPUT IMAGE (Q16.16 ints, first 5x5 corner):
[[-27801 -27801 -27801 -27801 -27801]
 [-27801 -27801 -27801 -27801 -27801]
 [-27801 -27801 -27801 -27801 -27801]
 [-27801 -27801 -27801 -27801 -27801]
 [-27801 -27801 -27801 -27801 -27801]]

============================================================
COMPUTING EXPECTED OUTPUTS FOR COMPARISON
============================================================
Loaded weights for reference (not used in current module)

--------------------------------------------------
EXPECTED CONVOLUTION AND MAXPOOL OUTPUTS
--------------------------------------------------

KERNEL 0 (Q16.16):
[[ 29919  25473  28412]
 [ 20910    -82   5556]
 [-59657 -29588   4149]]
KERNEL 0 (as floats):
[[ 0.456528  0.388687  0.433533]
 [ 0.319061 -0.001251  0.084778]
 [-0.910294 -0.451477  0.063309]]

CONVOLUTION OUTPUT 0 (Q16.16, first 5x5):
[[-10648 -10648 -10648 -10648 -10648]
 [-10648 -10648 -10648 -10648 -10648]
 [-10648 -10648 -10648 -10648 -10648]
 [-10648 -10648 -10648 -10648 -10648]
 [-10648 -10648 -10648 -10648 -10648]]
CONVOLUTION OUTPUT 0 (as floats, first 5x5):
[[-0.162476 -0.162476 -0.162476 -0.162476 -0.162476]
 [-0.162476 -0.162476 -0.162476 -0.162476 -0.162476]
 [-0.162476 -0.162476 -0.162476 -0.162476 -0.162476]
 [-0.162476 -0.162476 -0.162476 -0.162476 -0.162476]
 [-0.162476 -0.162476 -0.162476 -0.162476 -0.162476]]

MAXPOOL OUTPUT 0 (Q16.16, shape (13, 13)):
[[ -10648  -10648  -10648  -10648  -10648  -10648  -10648  -10648  -10648
   -10648  -10648  -10648  -10648]
 [ -10648  -10648  -10648  -10648  -10648  -10648  -10648  -10648  -10648
   -10648  -10648  -10648  -10648]
 [ -10648  -10648   -6212  -10648  -10648  -10648  -10648  -10648  -10648
   -10648  -10648  -10648  -10648]
 [ -10648  -10648   82009  143602  116859  -90621 -197247 -219268 -206815
  -202265  -50133  -10648  -10648]
 [ -10648  -10648  161176  298614  302708  294011  273174  282787  273589
   177662   57210  -10648  -10648]
 [ -10648  -10648  -10648  -10648   -4501   22286   43253   60818   51478
    43414  113027  -10648  -10648]
 [ -10648  -10648  -10648  -10648  -10648  -10648  -10648   16876   14259
   129588   32670  -10648  -10648]
 [ -10648  -10648  -10648  -10648  -10648  -10648   -3358   45411   76264
   111905  -10648  -10648  -10648]
 [ -10648  -10648  -10648  -10648  -10648   -9644    -829     702  107756
    11439  -10648  -10648  -10648]
 [ -10648  -10648  -10648  -10648  -10648    9678  -17116  139681  116834
   -10648  -10648  -10648  -10648]
 [ -10648  -10648  -10648  -10648   -1432   -6721   64864  149563    2680
   -10648  -10648  -10648  -10648]
 [ -10648  -10648  -10648  -10648   22344   19352  -10871    7824  -10648
   -10648  -10648  -10648  -10648]
 [ -10648  -10648  -10648  -10648  138274  316289  226623   19800  -10648
   -10648  -10648  -10648  -10648]]
MAXPOOL OUTPUT 0 (as floats):
[[-0.162476 -0.162476 -0.162476 -0.162476 -0.162476 -0.162476 -0.162476
  -0.162476 -0.162476 -0.162476 -0.162476 -0.162476 -0.162476]
 [-0.162476 -0.162476 -0.162476 -0.162476 -0.162476 -0.162476 -0.162476
  -0.162476 -0.162476 -0.162476 -0.162476 -0.162476 -0.162476]
 [-0.162476 -0.162476 -0.094788 -0.162476 -0.162476 -0.162476 -0.162476
  -0.162476 -0.162476 -0.162476 -0.162476 -0.162476 -0.162476]
 [-0.162476 -0.162476  1.251358  2.191193  1.783127 -1.382767 -3.00975
  -3.345764 -3.155746 -3.086319 -0.764969 -0.162476 -0.162476]
 [-0.162476 -0.162476  2.459351  4.556488  4.618958  4.486252  4.168304
   4.314987  4.174637  2.710907  0.872955 -0.162476 -0.162476]
 [-0.162476 -0.162476 -0.162476 -0.162476 -0.06868   0.340057  0.659988
   0.928009  0.785492  0.662445  1.724655 -0.162476 -0.162476]
 [-0.162476 -0.162476 -0.162476 -0.162476 -0.162476 -0.162476 -0.162476
   0.257507  0.217575  1.977356  0.498505 -0.162476 -0.162476]
 [-0.162476 -0.162476 -0.162476 -0.162476 -0.162476 -0.162476 -0.051239
   0.692917  1.163696  1.707535 -0.162476 -0.162476 -0.162476]
 [-0.162476 -0.162476 -0.162476 -0.162476 -0.162476 -0.147156 -0.01265
   0.010712  1.644226  0.174545 -0.162476 -0.162476 -0.162476]
 [-0.162476 -0.162476 -0.162476 -0.162476 -0.162476  0.147675 -0.261169
   2.131363  1.782745 -0.162476 -0.162476 -0.162476 -0.162476]
 [-0.162476 -0.162476 -0.162476 -0.162476 -0.021851 -0.102554  0.989746
   2.28215   0.040894 -0.162476 -0.162476 -0.162476 -0.162476]
 [-0.162476 -0.162476 -0.162476 -0.162476  0.340942  0.295288 -0.165878
   0.119385 -0.162476 -0.162476 -0.162476 -0.162476 -0.162476]
 [-0.162476 -0.162476 -0.162476 -0.162476  2.109894  4.826187  3.457993
   0.302124 -0.162476 -0.162476 -0.162476 -0.162476 -0.162476]]

KERNEL 1 (Q16.16):
[[ 30305 -11122 -60960]
 [ 36774   7646 -43347]
 [ 14086  36852  -5213]]
KERNEL 1 (as floats):
[[ 0.462418 -0.169708 -0.930176]
 [ 0.561127  0.116669 -0.661423]
 [ 0.214935  0.562317 -0.079544]]

CONVOLUTION OUTPUT 1 (Q16.16, first 5x5):
[[-2133 -2133 -2133 -2133 -2133]
 [-2133 -2133 -2133 -2133 -2133]
 [-2133 -2133 -2133 -2133 -2133]
 [-2133 -2133 -2133 -2133 -2133]
 [-2133 -2133 -2133 -2133 -2133]]
CONVOLUTION OUTPUT 1 (as floats, first 5x5):
[[-0.032547 -0.032547 -0.032547 -0.032547 -0.032547]
 [-0.032547 -0.032547 -0.032547 -0.032547 -0.032547]
 [-0.032547 -0.032547 -0.032547 -0.032547 -0.032547]
 [-0.032547 -0.032547 -0.032547 -0.032547 -0.032547]
 [-0.032547 -0.032547 -0.032547 -0.032547 -0.032547]]

MAXPOOL OUTPUT 1 (Q16.16, shape (13, 13)):
[[  -2133   -2133   -2133   -2133   -2133   -2133   -2133   -2133   -2133
    -2133   -2133   -2133   -2133]
 [  -2133   -2133   -2133   -2133   -2133   -2133   -2133   -2133   -2133
    -2133   -2133   -2133   -2133]
 [  -2133   -2133   24993   95597   93221   25509   -2133   -2133   -2133
    -2133   -2133   -2133   -2133]
 [  -2133   -2133   -8751  164448  203212  179494  143197  148663  148180
   233790  193707   -2133   -2133]
 [  -2133   -2133  -54118  -48294 -116973  -50925  -88035  -62221  -52254
   230613  283853   -2133   -2133]
 [  -2133   -2133   -2133   -2133   -2133   -2133   -2133   -2133  -51872
   242647  195295   -2133   -2133]
 [  -2133   -2133   -2133   -2133   -2133   -2133   -2133   -6048   66982
   211276   50477   -2133   -2133]
 [  -2133   -2133   -2133   -2133   -2133   -2133   -2133 -130673  219846
   185479   -2133   -2133   -2133]
 [  -2133   -2133   -2133   -2133   -2133   -2133   -7110  102092  217722
    20239   -2133   -2133   -2133]
 [  -2133   -2133   -2133   -2133   -2133   -2332  -64693  207206  166346
    -2133   -2133   -2133   -2133]
 [  -2133   -2133   -2133   -2133   -2133  -25749  199599  185153   11367
    -2133   -2133   -2133   -2133]
 [  -2133   -2133   -2133   -2133   -6181  -35870  280065   75746   -2133
    -2133   -2133   -2133   -2133]
 [  -2133   -2133   -2133   -2133 -124252   22393  198106   36647   -2133
    -2133   -2133   -2133   -2133]]
MAXPOOL OUTPUT 1 (as floats):
[[-0.032547 -0.032547 -0.032547 -0.032547 -0.032547 -0.032547 -0.032547
  -0.032547 -0.032547 -0.032547 -0.032547 -0.032547 -0.032547]
 [-0.032547 -0.032547 -0.032547 -0.032547 -0.032547 -0.032547 -0.032547
  -0.032547 -0.032547 -0.032547 -0.032547 -0.032547 -0.032547]
 [-0.032547 -0.032547  0.381363  1.458694  1.42244   0.389236 -0.032547
  -0.032547 -0.032547 -0.032547 -0.032547 -0.032547 -0.032547]
 [-0.032547 -0.032547 -0.13353   2.509277  3.100769  2.738861  2.185013
   2.268417  2.261047  3.567352  2.955734 -0.032547 -0.032547]
 [-0.032547 -0.032547 -0.825775 -0.736908 -1.784866 -0.777054 -1.343307
  -0.949417 -0.797333  3.518875  4.331253 -0.032547 -0.032547]
 [-0.032547 -0.032547 -0.032547 -0.032547 -0.032547 -0.032547 -0.032547
  -0.032547 -0.791504  3.702499  2.979965 -0.032547 -0.032547]
 [-0.032547 -0.032547 -0.032547 -0.032547 -0.032547 -0.032547 -0.032547
  -0.092285  1.022064  3.223816  0.770218 -0.032547 -0.032547]
 [-0.032547 -0.032547 -0.032547 -0.032547 -0.032547 -0.032547 -0.032547
  -1.993912  3.354584  2.830185 -0.032547 -0.032547 -0.032547]
 [-0.032547 -0.032547 -0.032547 -0.032547 -0.032547 -0.032547 -0.10849
   1.5578    3.322174  0.308823 -0.032547 -0.032547 -0.032547]
 [-0.032547 -0.032547 -0.032547 -0.032547 -0.032547 -0.035583 -0.987137
   3.161713  2.538239 -0.032547 -0.032547 -0.032547 -0.032547]
 [-0.032547 -0.032547 -0.032547 -0.032547 -0.032547 -0.392899  3.045639
   2.825211  0.173447 -0.032547 -0.032547 -0.032547 -0.032547]
 [-0.032547 -0.032547 -0.032547 -0.032547 -0.094315 -0.547333  4.273453
   1.155792 -0.032547 -0.032547 -0.032547 -0.032547 -0.032547]
 [-0.032547 -0.032547 -0.032547 -0.032547 -1.895935  0.34169   3.022858
   0.559189 -0.032547 -0.032547 -0.032547 -0.032547 -0.032547]]

KERNEL 2 (Q16.16):
[[-14219   9001   9671]
 [-45824 -10580  43801]
 [-40000 -27700  42913]]
KERNEL 2 (as floats):
[[-0.216965  0.137344  0.147568]
 [-0.699219 -0.161438  0.66835 ]
 [-0.610352 -0.422668  0.6548  ]]

CONVOLUTION OUTPUT 2 (Q16.16, first 5x5):
[[13967 13967 13967 13967 13967]
 [13967 13967 13967 13967 13967]
 [13967 13967 13967 13967 13967]
 [13967 13967 13967 13967 13967]
 [13967 13967 13967 13967 13967]]
CONVOLUTION OUTPUT 2 (as floats, first 5x5):
[[0.21312 0.21312 0.21312 0.21312 0.21312]
 [0.21312 0.21312 0.21312 0.21312 0.21312]
 [0.21312 0.21312 0.21312 0.21312 0.21312]
 [0.21312 0.21312 0.21312 0.21312 0.21312]
 [0.21312 0.21312 0.21312 0.21312 0.21312]]

MAXPOOL OUTPUT 2 (Q16.16, shape (13, 13)):
[[  13967   13967   13967   13967   13967   13967   13967   13967   13967
    13967   13967   13967   13967]
 [  13967   13967   13967   13967   13967   13967   13967   13967   13967
    13967   13967   13967   13967]
 [  13967   13967   85400   13967   13967   13967   13967   13967   13967
    13967   13967   13967   13967]
 [  13967   13967  196720  -17526  -18686  -87268  -48501  -48501  -48501
   -63794  -12508   13967   13967]
 [  13967   13967  125200   23766   74161   76245   53776   17616  229484
   113165  -82359   13967   13967]
 [  13967   13967   13967   13967   16059   24039   27357   96693  244375
   -60688   10710   13967   13967]
 [  13967   13967   13967   13967   13967   13967   13967  252564  190312
   -62773   13967   13967   13967]
 [  13967   13967   13967   13967   13967   13967   87807  237729 -104571
    13062   13967   13967   13967]
 [  13967   13967   13967   13967   13967   24345  210456  169281  -52216
    13967   13967   13967   13967]
 [  13967   13967   13967   13967   13967  254415  209487 -184634   13967
    13967   13967   13967   13967]
 [  13967   13967   13967   13967  103896  231197   12402    -551   13967
    13967   13967   13967   13967]
 [  13967   13967   13967   13967  253117  191146 -306796   13967   13967
    13967   13967   13967   13967]
 [  13967   13967   13967   13967  272133   63059  -31583   13967   13967
    13967   13967   13967   13967]]
MAXPOOL OUTPUT 2 (as floats):
[[ 0.21312   0.21312   0.21312   0.21312   0.21312   0.21312   0.21312
   0.21312   0.21312   0.21312   0.21312   0.21312   0.21312 ]
 [ 0.21312   0.21312   0.21312   0.21312   0.21312   0.21312   0.21312
   0.21312   0.21312   0.21312   0.21312   0.21312   0.21312 ]
 [ 0.21312   0.21312   1.303101  0.21312   0.21312   0.21312   0.21312
   0.21312   0.21312   0.21312   0.21312   0.21312   0.21312 ]
 [ 0.21312   0.21312   3.001709 -0.267426 -0.285126 -1.331604 -0.740067
  -0.740067 -0.740067 -0.973419 -0.190857  0.21312   0.21312 ]
 [ 0.21312   0.21312   1.9104    0.36264   1.131607  1.163406  0.820557
   0.268799  3.501648  1.726761 -1.256699  0.21312   0.21312 ]
 [ 0.21312   0.21312   0.21312   0.21312   0.245041  0.366806  0.417435
   1.475418  3.728867 -0.926025  0.163422  0.21312   0.21312 ]
 [ 0.21312   0.21312   0.21312   0.21312   0.21312   0.21312   0.21312
   3.853821  2.903931 -0.95784   0.21312   0.21312   0.21312 ]
 [ 0.21312   0.21312   0.21312   0.21312   0.21312   0.21312   1.339828
   3.627457 -1.595627  0.19931   0.21312   0.21312   0.21312 ]
 [ 0.21312   0.21312   0.21312   0.21312   0.21312   0.371475  3.211304
   2.583023 -0.796753  0.21312   0.21312   0.21312   0.21312 ]
 [ 0.21312   0.21312   0.21312   0.21312   0.21312   3.882065  3.196518
  -2.817291  0.21312   0.21312   0.21312   0.21312   0.21312 ]
 [ 0.21312   0.21312   0.21312   0.21312   1.585327  3.527786  0.18924
  -0.008408  0.21312   0.21312   0.21312   0.21312   0.21312 ]
 [ 0.21312   0.21312   0.21312   0.21312   3.862259  2.916656 -4.681335
   0.21312   0.21312   0.21312   0.21312   0.21312   0.21312 ]
 [ 0.21312   0.21312   0.21312   0.21312   4.15242   0.962204 -0.481918
   0.21312   0.21312   0.21312   0.21312   0.21312   0.21312 ]]

KERNEL 3 (Q16.16):
[[-46790 -54986 -56321]
 [ 37966  19923 -26095]
 [  7997  35969  24754]]
KERNEL 3 (as floats):
[[-0.713959 -0.83902  -0.85939 ]
 [ 0.579315  0.304001 -0.398178]
 [ 0.122025  0.548843  0.377716]]

CONVOLUTION OUTPUT 3 (Q16.16, first 5x5):
[[24422 24422 24422 24422 24422]
 [24422 24422 24422 24422 24422]
 [24422 24422 24422 24422 24422]
 [24422 24422 24422 24422 24422]
 [24422 24422 24422 24422 24422]]
CONVOLUTION OUTPUT 3 (as floats, first 5x5):
[[0.37265 0.37265 0.37265 0.37265 0.37265]
 [0.37265 0.37265 0.37265 0.37265 0.37265]
 [0.37265 0.37265 0.37265 0.37265 0.37265]
 [0.37265 0.37265 0.37265 0.37265 0.37265]
 [0.37265 0.37265 0.37265 0.37265 0.37265]]

MAXPOOL OUTPUT 3 (Q16.16, shape (13, 13)):
[[  24422   24422   24422   24422   24422   24422   24422   24422   24422
    24422   24422   24422   24422]
 [  24422   24422   24422   24422   24422   24422   24422   24422   24422
    24422   24422   24422   24422]
 [  24422   24422  121167  167765  128641   47010   24422   24422   24422
    24422   24422   24422   24422]
 [  24422   24422  165943  326158  341790  314174  323767  326719  317010
   333474  209708   24422   24422]
 [  24422   24422  -23607 -146879 -215091 -263889 -232028 -212619 -189517
    64606  119413   24422   24422]
 [  24422   24422   24422   24422   24422   24422   24422   57759   32201
   -53534   13702   24422   24422]
 [  24422   24422   24422   24422   24422   24422   24422   71270   -9623
   -53053   24422   24422   24422]
 [  24422   24422   24422   24422   24422   24422   61132    6663 -108232
    21444   24422   24422   24422]
 [  24422   24422   24422   24422   24422   30408   89541   16920  -56423
    24422   24422   24422   24422]
 [  24422   24422   24422   24422   24422   83445   75344 -114745   24422
    24422   24422   24422   24422]
 [  24422   24422   24422   24422   56031   94420  -65077  -20952   24422
    24422   24422   24422   24422]
 [  24422   24422   24422   24422   62199  -11458   13293   24422   24422
    24422   24422   24422   24422]
 [  24422   24422   24422   24422  -21371 -131018  -45437   24422   24422
    24422   24422   24422   24422]]
MAXPOOL OUTPUT 3 (as floats):
VCD info: dumpfile inference.vcd opened for output.
DEBUG: inference rst_n = 0
DEBUG: maxpool conv=         0 hor=         0 vert=         0
DEBUG: neuron mac_count=         0
DEBUG: maxpool conv=        10 hor=        20 vert=         0
DEBUG: maxpool conv=        20 hor=        14 vert=         2
DEBUG: maxpool conv=        30 hor=         8 vert=         4
DEBUG: maxpool conv=        40 hor=         2 vert=         6
DEBUG: maxpool conv=        50 hor=        22 vert=         6
DEBUG: maxpool conv=        60 hor=        16 vert=         8
DEBUG: maxpool conv=        70 hor=        10 vert=        10
DEBUG: maxpool conv=        80 hor=         4 vert=        12
DEBUG: maxpool conv=        90 hor=        24 vert=        12
DEBUG: maxpool conv=       100 hor=        18 vert=        14
DEBUG: neuron mac_count=       100
DEBUG: maxpool conv=       110 hor=        12 vert=        16
DEBUG: maxpool conv=       120 hor=         6 vert=        18
DEBUG: maxpool conv=       130 hor=         0 vert=        20
DEBUG: maxpool conv=       140 hor=        20 vert=        20
DEBUG: maxpool conv=       150 hor=        14 vert=        22
DEBUG: maxpool conv=       160 hor=         8 vert=        24
DEBUG: maxpool conv=         0 hor=         0 vert=         0
DEBUG: maxpool conv=        10 hor=        20 vert=         0
DEBUG: maxpool conv=        20 hor=        14 vert=         2
DEBUG: maxpool conv=        30 hor=         8 vert=         4
DEBUG: neuron mac_count=       200
DEBUG: maxpool conv=        40 hor=         2 vert=         6
DEBUG: maxpool conv=        50 hor=        22 vert=         6
DEBUG: maxpool conv=        60 hor=        16 vert=         8
DEBUG: maxpool conv=        70 hor=        10 vert=        10
DEBUG: maxpool conv=        80 hor=         4 vert=        12
DEBUG: maxpool conv=        90 hor=        24 vert=        12
DEBUG: maxpool conv=       100 hor=        18 vert=        14
DEBUG: maxpool conv=       110 hor=        12 vert=        16
DEBUG: maxpool conv=       120 hor=         6 vert=        18
DEBUG: maxpool conv=       130 hor=         0 vert=        20
DEBUG: neuron mac_count=       300
DEBUG: maxpool conv=       140 hor=        20 vert=        20
DEBUG: maxpool conv=       150 hor=        14 vert=        22
DEBUG: maxpool conv=       160 hor=         8 vert=        24
DEBUG: maxpool conv=         0 hor=         0 vert=         0
DEBUG: maxpool conv=        10 hor=        20 vert=         0
DEBUG: maxpool conv=        20 hor=        14 vert=         2
DEBUG: maxpool conv=        30 hor=         8 vert=         4
DEBUG: maxpool conv=        40 hor=         2 vert=         6
DEBUG: maxpool conv=        50 hor=        22 vert=         6
DEBUG: maxpool conv=        60 hor=        16 vert=         8
DEBUG: neuron mac_count=       400
DEBUG: maxpool conv=        70 hor=        10 vert=        10
DEBUG: maxpool conv=        80 hor=         4 vert=        12
DEBUG: maxpool conv=        90 hor=        24 vert=        12
DEBUG: maxpool conv=       100 hor=        18 vert=        14
DEBUG: maxpool conv=       110 hor=        12 vert=        16
DEBUG: maxpool conv=       120 hor=         6 vert=        18
DEBUG: maxpool conv=       130 hor=         0 vert=        20
DEBUG: maxpool conv=       140 hor=        20 vert=        20
DEBUG: maxpool conv=       150 hor=        14 vert=        22
DEBUG: maxpool conv=       160 hor=         8 vert=        24
DEBUG: neuron mac_count=       500
DEBUG: maxpool conv=         0 hor=         0 vert=         0
DEBUG: maxpool conv=        10 hor=        20 vert=         0
DEBUG: maxpool conv=        20 hor=        14 vert=         2
DEBUG: maxpool conv=        30 hor=         8 vert=         4
DEBUG: maxpool conv=        40 hor=         2 vert=         6
DEBUG: maxpool conv=        50 hor=        22 vert=         6
DEBUG: maxpool conv=        60 hor=        16 vert=         8
DEBUG: maxpool conv=        70 hor=        10 vert=        10
DEBUG: maxpool conv=        80 hor=         4 vert=        12
DEBUG: maxpool conv=        90 hor=        24 vert=        12
DEBUG: neuron mac_count= [[ 0.37265   0.37265   0.37265   0.37265   0.37265   0.37265   0.37265
   0.37265   0.37265   0.37265   0.37265   0.37265   0.37265 ]
 [ 0.37265   0.37265   0.37265   0.37265   0.37265   0.37265   0.37265
   0.37265   0.37265   0.37265   0.37265   0.37265   0.37265 ]
 [ 0.37265   0.37265   1.848862  2.559891  1.962906  0.717316  0.37265
   0.37265   0.37265   0.37265   0.37265   0.37265   0.37265 ]
 [ 0.37265   0.37265   2.532089  4.976776  5.215302  4.793915  4.940292
   4.985336  4.837189  5.088409  3.19989   0.37265   0.37265 ]
 [ 0.37265   0.37265  -0.360214 -2.241196 -3.282028 -4.026627 -3.540466
  -3.244308 -2.8918    0.985809  1.822098  0.37265   0.37265 ]
 [ 0.37265   0.37265   0.37265   0.37265   0.37265   0.37265   0.37265
   0.881332  0.491348 -0.816864  0.209076  0.37265   0.37265 ]
 [ 0.37265   0.37265   0.37265   0.37265   0.37265   0.37265   0.37265
   1.087494 -0.146835 -0.809525  0.37265   0.37265   0.37265 ]
 [ 0.37265   0.37265   0.37265   0.37265   0.37265   0.37265   0.9328
   0.101669 -1.651489  0.327209  0.37265   0.37265   0.37265 ]
 [ 0.37265   0.37265   0.37265   0.37265   0.37265   0.463989  1.366287
   0.258179 -0.860947  0.37265   0.37265   0.37265   0.37265 ]
 [ 0.37265   0.37265   0.37265   0.37265   0.37265   1.27327   1.149658
  -1.75087   0.37265   0.37265   0.37265   0.37265   0.37265 ]
 [ 0.37265   0.37265   0.37265   0.37265   0.854965  1.440735 -0.992996
  -0.319702  0.37265   0.37265   0.37265   0.37265   0.37265 ]
 [ 0.37265   0.37265   0.37265   0.37265   0.949081 -0.174835  0.202835
   0.37265   0.37265   0.37265   0.37265   0.37265   0.37265 ]
 [ 0.37265   0.37265   0.37265   0.37265  -0.326096 -1.999176 -0.693314
   0.37265   0.37265   0.37265   0.37265   0.37265   0.37265 ]]

============================================================
END OF EXPECTED COMPUTATION
============================================================

Assigning image (Q16.16) to DUT...
Assigning kernels (Q16.16) to DUT...
  kernels[0] = 29919
  kernels[1] = 25473
  kernels[2] = 28412
  kernels[3] = 20910
  kernels[4] = -82
  kernels[5] = 5556
  kernels[6] = -59657
  kernels[7] = -29588
  kernels[8] = 4149
  kernels[9] = 30305
  kernels[10] = -11122
  kernels[11] = -60960
NOTE: Current inference module uses hardcoded weights/biases, skipping input assignment

Starting full inference pipeline...

DEBUG: Checking signals at cycle 200
  dut.img[0] = 11111111111111111001001101100111
  dut.cnn_ins.x[0] = 11111111111111111101011001101100
  dut.ma_ins.img[0] = 11111111111111111101011001101100
  dut.ma_ins.tap = 11111111111111111101011001101100
  dut.ma_ins.complete = 0
  dut.ma_ins.convolutions = 00000000000000000000000000000000
  Cycle 10000: complete = 0
  Cycle 20000: complete = 0
  Cycle 30000: complete = 0
  Cycle 40000: complete = 0
  Cycle 50000: complete = 0
  Cycle 60000: complete = 0
  Cycle 70000: complete = 0
  Cycle 80000: complete = 0
  Cycle 90000: complete = 0
  Cycle 100000: complete = 0
  Cycle 110000: complete = 0
  Cycle 120000: complete = 0
  Cycle 130000: complete = 0
  Cycle 140000: complete = 0
  Cycle 150000: complete = 0
  Cycle 160000: complete = 0
  Cycle 170000: complete = 0
  Cycle 180000: complete = 0
  Cycle 190000: complete = 0
  Cycle 200000: complete = 0
  Cycle 210000: complete = 0
  Cycle 220000: complete = 0
  Cycle 230000: complete = 0
  Cycle 240000: complete = 0
  Cycle 250000: complete = 0
  Cycle 260000: complete = 0
  Cycle 270000: complete = 0
  Cycle 280000: complete = 0
  Cycle 290000: complete = 0
  Cycle 300000: complete = 0
  Cycle 310000: complete = 0
  Cycle 320000: complete = 0
  Cycle 330000: complete = 0
  Cycle 340000: complete = 0
  Cycle 350000: complete = 0
  Cycle 360000: complete = 0
  Cycle 370000: complete = 0
  Cycle 380000: complete = 0
  Cycle 390000: complete = 0
  Cycle 400000: complete = 0
  Cycle 410000: complete = 0
  Cycle 420000: complete = 0
  Cycle 430000: complete = 0
  Cycle 440000: complete = 0
  Cycle 450000: complete = 0
  Cycle 460000: complete = 0
  Cycle 470000: complete = 0
  Cycle 480000: complete = 0
  Cycle 490000: complete = 0
  Cycle 500000: complete = 0
  Cycle 510000: complete = 0
  Cycle 520000: complete = 0
  Cycle 530000: complete = 0
  Cycle 540000: complete = 0
  Cycle 550000: complete = 0
  Cycle 560000: complete = 0
  Cycle 570000: complete = 0
  Cycle 580000: complete = 0
  Cycle 590000: complete = 0
  Cycle 600000: complete = 0
  Cycle 610000: complete = 0
  Cycle 620000: complete = 0
  Cycle 630000: complete = 0
  Cycle 640000: complete = 0
  Cycle 650000: complete = 0
  Cycle 660000: complete = 0
  Cycle 670000: complete = 0
  Cycle 680000: complete = 0
  Cycle 690000: complete = 0
  Cycle 700000: complete = 0
  Cycle 710000: complete = 0
  Cycle 720000: complete = 0
  Cycle 730000: complete = 0
  Cycle 740000: complete = 0
  Cycle 750000: complete = 0
  Cycle 760000: complete = 0
  Cycle 770000: complete = 0
  Cycle 780000: complete = 0
  Cycle 790000: complete = 0
  Cycle 800000: complete = 0
  Cycle 810000: complete = 0
  Cycle 820000: complete = 0
  Cycle 830000: complete = 0
  Cycle 840000: complete = 0
  Cycle 850000: complete = 0
  Cycle 860000: complete = 0
  Cycle 870000: complete = 0
  Cycle 880000: complete = 0
  Cycle 890000: complete = 0
  Cycle 900000: complete = 0
  Cycle 910000: complete = 0
  Cycle 920000: complete = 0
  Cycle 930000: complete = 0
  Cycle 940000: complete = 0
  Cycle 950000: complete = 0
  Cycle 960000: complete = 0
  Cycle 970000: complete = 0
  Cycle 980000: complete = 0
  Cycle 990000: complete = 0
  Cycle 1000000: complete = 0
  Cycle 1010000: complete = 0
  Cycle 1020000: complete = 0
  Cycle 1030000: complete = 0
  Cycle 1040000: complete = 0
  Cycle 1050000: complete = 0
  Cycle 1060000: complete = 0
  Cycle 1070000: complete = 0
  Cycle 1080000: complete = 0
  Cycle 1090000: complete = 0
  Cycle 1100000: complete = 0
  Cycle 1110000: complete = 0
  Cycle 1120000: complete = 0
  Cycle 1130000: complete = 0
  Cycle 1140000: complete = 0
  Cycle 1150000: complete = 0
  Cycle 1160000: complete = 0
  Cycle 1170000: complete = 0
  Cycle 1180000: complete = 0
  Cycle 1190000: complete = 0
  Cycle 1200000: complete = 0
  Cycle 1210000: complete = 0
  Cycle 1220000: complete = 0
  Cycle 1230000: complete = 0
  Cycle 1240000: complete = 0
  Cycle 1250000: complete = 0
  Cycle 1260000: complete = 0
  Cycle 1270000: complete = 0
  Cycle 1280000: complete = 0
  Cycle 1290000: complete = 0
  Cycle 1300000: complete = 0
  Cycle 1310000: complete = 0
  Cycle 1320000: complete = 0
  Cycle 1330000: complete = 0
  Cycle 1340000: complete = 0
  Cycle 1350000: complete = 0
  Cycle 1360000: complete = 0
  Cycle 1370000: complete = 0
  Cycle 1380000: complete = 0
  Cycle 1390000: complete = 0
  Cycle 1400000: complete = 0
  Cycle 1410000: complete = 0
  Cycle 1420000: complete = 0
  Cycle 1430000: complete = 0
  Cycle 1440000: complete = 0
  Cycle 1450000: complete = 0
  Cycle 1460000: complete = 0
  Cycle 1470000: complete = 0
  Cycle 1480000: complete = 0
  Cycle 1490000: complete = 0
  Cycle 1500000: complete = 0
  Cycle 1510000: complete = 0
  Cycle 1520000: complete = 0
  Cycle 1530000: complete = 0
  Cycle 1540000: complete = 0
  Cycle 1550000: complete = 0
  Cycle 1560000: complete = 0
  Cycle 1570000: complete = 0
  Cycle 1580000: complete = 0
  Cycle 1590000: complete = 0
  Cycle 1600000: complete = 0
  Cycle 1610000: complete = 0
  Cycle 1620000: complete = 0
  Cycle 1630000: complete = 0
  Cycle 1640000: complete = 0
  Cycle 1650000: complete = 0
  Cycle 1660000: complete = 0
  Cycle 1670000: complete = 0
  Cycle 1680000: complete = 0
  Cycle 1690000: complete = 0
  Cycle 1700000: complete = 0
  Cycle 1710000: complete = 0
  Cycle 1720000: complete = 0
  Cycle 1730000: complete = 0
  Cycle 1740000: complete = 0
  Cycle 1750000: complete = 0
  Cycle 1760000: complete = 0
  Cycle 1770000: complete = 0
  Cycle 1780000: complete = 0
  Cycle 1790000: complete = 0
  Cycle 1800000: complete = 0
  Cycle 1810000: complete = 0
  Cycle 1820000: complete = 0
  Cycle 1830000: complete = 0
  Cycle 1840000: complete = 0
  Cycle 1850000: complete = 0
  Cycle 1860000: complete = 0
  Cycle 1870000: complete = 0
      600
DEBUG: maxpool conv=       100 hor=        18 vert=        14
DEBUG: maxpool conv=       110 hor=        12 vert=        16
DEBUG: maxpoo  Cycle 1880000: complete = 0
  Cycle 1890000: complete = 0
  Cycle 1900000: complete = 0
  Cycle 1910000: complete = 0
  Cycle 1920000: complete = 0
  Cycle 1930000: complete = 0
  Cycle 1940000: complete = 0
  Cycle 1950000: complete = 0
  Cycle 1960000: complete = 0
  Cycle 1970000: complete = 0
  Cycle 1980000: complete = 0
  Cycle 1990000: complete = 0
  Cycle 2000000: complete = 0
  Cycle 2010000: complete = 0
  Cycle 2020000: complete = 0
  Cycle 2030000: complete = 0
  Cycle 2040000: complete = 0
  Cycle 2050000: complete = 0
  Cycle 2060000: complete = 0
  Cycle 2070000: complete = 0
  Cycle 2080000: complete = 0
  Cycle 2090000: complete = 0
  Cycle 2100000: complete = 0
  Cycle 2110000: complete = 0
  Cycle 2120000: complete = 0
  Cycle 2130000: complete = 0
  Cycle 2140000: complete = 0
  Cycle 2150000: complete = 0
  Cycle 2160000: complete = 0
  Cycle 2170000: complete = 0
  Cycle 2180000: complete = 0
  Cycle 2190000: complete = 0
  Cycle 2200000: complete = 0
  Cycle 2210000: complete = 0
  Cycle 2220000: complete = 0
  Cycle 2230000: complete = 0
  Cycle 2240000: complete = 0
  Cycle 2250000: complete = 0
  Cycle 2260000: complete = 0
 2117868.50ns INFO     cocotb.regression                  *****************************************************************************************************
                                                         ** TEST                                  2312391.00ns INFO     cocotb.regression                  *****************************************************************************************************
                                                         ** TEST                                         STATUS  SIM TIME (ns)  REAL TIME (s)  RATIO (ns/s) **
                                                         *****************************************************************************************************
                                                         ** test_inference.test_inference_full_pipeline   FAIL     2312391.00      784979.82          2.95  **
                                                         *****************************************************************************************************
                                                         ** T** Current simulation time is 2117868500 ticks.
** Continue **
0      784979.90          2.95  **
                                                         *****************************************************************************************************
** Current simulation time is 2312391000 ticks.
** Continue **
