------------------------------------------------------------
Timing Analyzer Summary
------------------------------------------------------------

Type  : Slow 1100mV 85C Model Setup 'u_pll|pll_10_inst|altera_pll_i|general[0].gpll~PLL_OUTPUT_COUNTER|divclk'
Slack : 67.583
TNS   : 0.000

Type  : Slow 1100mV 85C Model Hold 'u_pll|pll_10_inst|altera_pll_i|general[0].gpll~PLL_OUTPUT_COUNTER|divclk'
Slack : 0.228
TNS   : 0.000

Type  : Slow 1100mV 85C Model Recovery 'u_pll|pll_10_inst|altera_pll_i|general[0].gpll~PLL_OUTPUT_COUNTER|divclk'
Slack : 94.109
TNS   : 0.000

Type  : Slow 1100mV 85C Model Removal 'u_pll|pll_10_inst|altera_pll_i|general[0].gpll~PLL_OUTPUT_COUNTER|divclk'
Slack : 1.980
TNS   : 0.000

Type  : Slow 1100mV 85C Model Minimum Pulse Width 'u_pll|pll_10_inst|altera_pll_i|general[0].gpll~FRACTIONAL_PLL|vcoph[0]'
Slack : 1.666
TNS   : 0.000

Type  : Slow 1100mV 85C Model Minimum Pulse Width 'CLOCK_50'
Slack : 9.900
TNS   : 0.000

Type  : Slow 1100mV 85C Model Minimum Pulse Width 'u_pll|pll_10_inst|altera_pll_i|general[0].gpll~PLL_OUTPUT_COUNTER|divclk'
Slack : 48.776
TNS   : 0.000

Type  : Slow 1100mV 0C Model Setup 'u_pll|pll_10_inst|altera_pll_i|general[0].gpll~PLL_OUTPUT_COUNTER|divclk'
Slack : 68.199
TNS   : 0.000

Type  : Slow 1100mV 0C Model Hold 'u_pll|pll_10_inst|altera_pll_i|general[0].gpll~PLL_OUTPUT_COUNTER|divclk'
Slack : 0.216
TNS   : 0.000

Type  : Slow 1100mV 0C Model Recovery 'u_pll|pll_10_inst|altera_pll_i|general[0].gpll~PLL_OUTPUT_COUNTER|divclk'
Slack : 94.377
TNS   : 0.000

Type  : Slow 1100mV 0C Model Removal 'u_pll|pll_10_inst|altera_pll_i|general[0].gpll~PLL_OUTPUT_COUNTER|divclk'
Slack : 1.910
TNS   : 0.000

Type  : Slow 1100mV 0C Model Minimum Pulse Width 'u_pll|pll_10_inst|altera_pll_i|general[0].gpll~FRACTIONAL_PLL|vcoph[0]'
Slack : 1.666
TNS   : 0.000

Type  : Slow 1100mV 0C Model Minimum Pulse Width 'CLOCK_50'
Slack : 9.926
TNS   : 0.000

Type  : Slow 1100mV 0C Model Minimum Pulse Width 'u_pll|pll_10_inst|altera_pll_i|general[0].gpll~PLL_OUTPUT_COUNTER|divclk'
Slack : 48.756
TNS   : 0.000

Type  : Fast 1100mV 85C Model Setup 'u_pll|pll_10_inst|altera_pll_i|general[0].gpll~PLL_OUTPUT_COUNTER|divclk'
Slack : 79.245
TNS   : 0.000

Type  : Fast 1100mV 85C Model Hold 'u_pll|pll_10_inst|altera_pll_i|general[0].gpll~PLL_OUTPUT_COUNTER|divclk'
Slack : 0.139
TNS   : 0.000

Type  : Fast 1100mV 85C Model Recovery 'u_pll|pll_10_inst|altera_pll_i|general[0].gpll~PLL_OUTPUT_COUNTER|divclk'
Slack : 96.003
TNS   : 0.000

Type  : Fast 1100mV 85C Model Removal 'u_pll|pll_10_inst|altera_pll_i|general[0].gpll~PLL_OUTPUT_COUNTER|divclk'
Slack : 1.181
TNS   : 0.000

Type  : Fast 1100mV 85C Model Minimum Pulse Width 'u_pll|pll_10_inst|altera_pll_i|general[0].gpll~FRACTIONAL_PLL|vcoph[0]'
Slack : 1.666
TNS   : 0.000

Type  : Fast 1100mV 85C Model Minimum Pulse Width 'CLOCK_50'
Slack : 9.643
TNS   : 0.000

Type  : Fast 1100mV 85C Model Minimum Pulse Width 'u_pll|pll_10_inst|altera_pll_i|general[0].gpll~PLL_OUTPUT_COUNTER|divclk'
Slack : 48.889
TNS   : 0.000

Type  : Fast 1100mV 0C Model Setup 'u_pll|pll_10_inst|altera_pll_i|general[0].gpll~PLL_OUTPUT_COUNTER|divclk'
Slack : 81.489
TNS   : 0.000

Type  : Fast 1100mV 0C Model Hold 'u_pll|pll_10_inst|altera_pll_i|general[0].gpll~PLL_OUTPUT_COUNTER|divclk'
Slack : 0.126
TNS   : 0.000

Type  : Fast 1100mV 0C Model Recovery 'u_pll|pll_10_inst|altera_pll_i|general[0].gpll~PLL_OUTPUT_COUNTER|divclk'
Slack : 96.470
TNS   : 0.000

Type  : Fast 1100mV 0C Model Removal 'u_pll|pll_10_inst|altera_pll_i|general[0].gpll~PLL_OUTPUT_COUNTER|divclk'
Slack : 1.077
TNS   : 0.000

Type  : Fast 1100mV 0C Model Minimum Pulse Width 'u_pll|pll_10_inst|altera_pll_i|general[0].gpll~FRACTIONAL_PLL|vcoph[0]'
Slack : 1.666
TNS   : 0.000

Type  : Fast 1100mV 0C Model Minimum Pulse Width 'CLOCK_50'
Slack : 9.632
TNS   : 0.000

Type  : Fast 1100mV 0C Model Minimum Pulse Width 'u_pll|pll_10_inst|altera_pll_i|general[0].gpll~PLL_OUTPUT_COUNTER|divclk'
Slack : 48.887
TNS   : 0.000

------------------------------------------------------------
